2025-12-01T23:51:37.269Z [developer:mode] action="enable" success=false error="Invalid developer password"
2025-12-01T23:51:37.297Z [developer:mode] action="enable" success=true expiresAt=1764634297296
2025-12-01T23:51:37.995Z [sale] cashier="unknown" receiptId="MID-1764633097994-857" timestamp="2025-01-01T00:00:00Z"
2025-12-01T23:51:37.996Z [sale:void] cashier="me" receiptId="MID-1764633097994-857" timestamp="2025-12-01T23:51:37.995Z" reason="Test"
2025-12-01T23:51:37.997Z [sale:update] cashier="unknown" receiptId="MID-1764633097994-857" timestamp="2025-12-01T23:51:37.997Z" changes="id,total"
2025-12-01T23:51:38.005Z [sale] cashier="unknown" receiptId="R-1" timestamp="2025-01-02T00:00:00Z"
2025-12-01T23:51:38.006Z [sale:return] cashier="system" receiptId="R-1" timestamp="2025-12-01T23:51:38.006Z" reason="Broken"
2025-12-01T23:57:44.336Z [developer:mode] action="enable" success=false error="Invalid developer password"
2025-12-01T23:57:44.361Z [developer:mode] action="enable" success=true expiresAt=1764634664360
2025-12-01T23:57:44.679Z [sale] cashier="unknown" receiptId="MID-1764633464678-111" timestamp="2025-01-01T00:00:00Z"
2025-12-01T23:57:44.680Z [sale:void] cashier="me" receiptId="MID-1764633464678-111" timestamp="2025-12-01T23:57:44.680Z" reason="Test"
2025-12-01T23:57:44.681Z [sale:update] cashier="unknown" receiptId="MID-1764633464678-111" timestamp="2025-12-01T23:57:44.681Z" changes="id,total"
2025-12-01T23:57:44.689Z [sale] cashier="unknown" receiptId="R-1" timestamp="2025-01-02T00:00:00Z"
2025-12-01T23:57:44.690Z [sale:return] cashier="system" receiptId="R-1" timestamp="2025-12-01T23:57:44.690Z" reason="Broken"
2025-12-04T20:20:32.661Z [developer:mode] action="enable" success=false error="Invalid developer password"
2025-12-04T20:20:32.689Z [developer:mode] action="enable" success=true expiresAt=1764880832688
2025-12-04T20:20:33.017Z [sale] cashier="unknown" receiptId="MID-1764879633016-602" timestamp="2025-01-01T00:00:00Z"
2025-12-04T20:20:33.018Z [sale:void] cashier="me" receiptId="MID-1764879633016-602" timestamp="2025-12-04T20:20:33.017Z" reason="Test"
2025-12-04T20:20:33.019Z [sale:update] cashier="unknown" receiptId="MID-1764879633016-602" timestamp="2025-12-04T20:20:33.019Z" changes="id,total"
2025-12-04T20:20:33.029Z [sale] cashier="unknown" receiptId="R-1" timestamp="2025-01-02T00:00:00Z"
2025-12-04T20:20:33.030Z [sale:return] cashier="system" receiptId="R-1" timestamp="2025-12-04T20:20:33.030Z" reason="Broken"
2025-12-05T01:15:41.001Z [developer:mode] action="enable" success=false error="Invalid developer password"
2025-12-05T01:15:41.030Z [developer:mode] action="enable" success=true expiresAt=1764898541029
2025-12-05T01:15:41.295Z [sale] cashier="unknown" receiptId="MID-1764897341293-671" timestamp="2025-01-01T00:00:00Z"
2025-12-05T01:15:41.296Z [sale:void] cashier="me" receiptId="MID-1764897341293-671" timestamp="2025-12-05T01:15:41.295Z" reason="Test"
2025-12-05T01:15:41.297Z [sale:update] cashier="unknown" receiptId="MID-1764897341293-671" timestamp="2025-12-05T01:15:41.297Z" changes="id,total"
2025-12-05T01:15:41.306Z [sale] cashier="unknown" receiptId="R-1" timestamp="2025-01-02T00:00:00Z"
2025-12-05T01:15:41.308Z [sale:return] cashier="system" receiptId="R-1" timestamp="2025-12-05T01:15:41.307Z" reason="Broken"
2025-12-05T01:28:40.997Z [developer:mode] action="enable" success=false error="Invalid developer password"
2025-12-05T01:28:41.038Z [developer:mode] action="enable" success=true expiresAt=1764899321037
2025-12-05T01:28:41.331Z [sale] cashier="unknown" receiptId="MID-1764898121329-925" timestamp="2025-01-01T00:00:00Z"
2025-12-05T01:28:41.333Z [sale:void] cashier="me" receiptId="MID-1764898121329-925" timestamp="2025-12-05T01:28:41.332Z" reason="Test"
2025-12-05T01:28:41.335Z [sale:update] cashier="unknown" receiptId="MID-1764898121329-925" timestamp="2025-12-05T01:28:41.335Z" changes="id,total"
2025-12-05T01:28:41.347Z [sale] cashier="unknown" receiptId="R-1" timestamp="2025-01-02T00:00:00Z"
2025-12-05T01:28:41.349Z [sale:return] cashier="system" receiptId="R-1" timestamp="2025-12-05T01:28:41.348Z" reason="Broken"
